[2025-11-22T12:14:43.645Z] [INFO] 🔄 Generating IP pool...
[2025-11-22T12:14:43.673Z] [SUCCESS] ✅ Generated 10800 IPs for rotation
[2025-11-22T18:02:01.538Z] [WARNING] 
⚠️  Shutting down agent...
[2025-11-22T18:02:02.462Z] [INFO] 🔄 Loading proxies (optimized mode)...
[2025-11-22T18:02:02.464Z] [INFO] 🎯 Premium proxies loaded: 210 (optimized mode)
[2025-11-22T18:02:02.464Z] [INFO] 💎 Your premium proxies: 195 | Manual proxies: 15
[2025-11-22T18:02:02.465Z] [INFO] 🔄 Generating IP pool...
[2025-11-22T18:02:02.475Z] [SUCCESS] ✅ Generated 10800 IPs for rotation
[2025-11-22T18:02:02.476Z] [INFO] 🔄 Generating user agent pool...
[2025-11-22T18:02:02.476Z] [INFO] ✅ Generated 57 user agents for rotation
[2025-11-22T18:02:05.889Z] [SUCCESS] ✅ Bot registered successfully
[2025-11-22T18:02:05.894Z] [SUCCESS] 🤖 C2 Agent started - Bot ID: cb356056-e738-474f-8b46-83c51b8ff26b
[2025-11-22T18:02:05.894Z] [INFO] 📡 Connected to C2: https://super-duper-waddle-4jwqw567q4x925jj6-8080.app.github.dev
[2025-11-22T18:16:28.882Z] [WARNING] 
⚠️  Shutting down agent...
[2025-11-22T18:16:34.727Z] [INFO] 🔄 Loading proxies (optimized mode)...
[2025-11-22T18:16:34.729Z] [INFO] 🎯 Premium proxies loaded: 210 (optimized mode)
[2025-11-22T18:16:34.730Z] [INFO] 💎 Your premium proxies: 195 | Manual proxies: 15
[2025-11-22T18:16:34.730Z] [INFO] 🔄 Generating IP pool...
[2025-11-22T18:16:34.741Z] [SUCCESS] ✅ Generated 10800 IPs for rotation
[2025-11-22T18:16:34.741Z] [INFO] 🔄 Generating user agent pool...
[2025-11-22T18:16:34.742Z] [INFO] ✅ Generated 57 user agents for rotation
[2025-11-22T18:16:38.543Z] [ERROR] Failed to register bot: Request failed with status code 404
[2025-11-22T18:16:38.544Z] [ERROR] Failed to start C2 agent: Request failed with status code 404
AxiosError: Request failed with status code 404
    at settle (file:///workspaces/BOT-TELE-DOS/node_modules/axios/lib/core/settle.js:19:12)
    at IncomingMessage.handleStreamEnd (file:///workspaces/BOT-TELE-DOS/node_modules/axios/lib/adapters/http.js:793:11)
    at IncomingMessage.emit (node:events:529:35)
    at endReadableNT (node:internal/streams/readable:1400:12)
    at process.processTicksAndRejections (node:internal/process/task_queues:82:21)
    at Axios.request (file:///workspaces/BOT-TELE-DOS/node_modules/axios/lib/core/Axios.js:45:41)
    at process.processTicksAndRejections (node:internal/process/task_queues:95:5)
    at async C2Agent.registerBot (file:///workspaces/BOT-TELE-DOS/src/c2/agent.js:57:30)
    at async C2Agent.start (file:///workspaces/BOT-TELE-DOS/src/c2/agent.js:28:13)
    at async startC2Agent (file:///workspaces/BOT-TELE-DOS/src/c2/agent.js:282:5)
    at async Command.<anonymous> (file:///workspaces/BOT-TELE-DOS/index.js:511:9)
[2025-11-22T18:16:43.942Z] [ERROR] Failed to register bot: Request failed with status code 404
[2025-11-22T18:16:43.942Z] [ERROR] Failed to start C2 agent: Request failed with status code 404
AxiosError: Request failed with status code 404
    at settle (file:///workspaces/BOT-TELE-DOS/node_modules/axios/lib/core/settle.js:19:12)
    at IncomingMessage.handleStreamEnd (file:///workspaces/BOT-TELE-DOS/node_modules/axios/lib/adapters/http.js:793:11)
    at IncomingMessage.emit (node:events:529:35)
    at endReadableNT (node:internal/streams/readable:1400:12)
    at process.processTicksAndRejections (node:internal/process/task_queues:82:21)
    at Axios.request (file:///workspaces/BOT-TELE-DOS/node_modules/axios/lib/core/Axios.js:45:41)
    at process.processTicksAndRejections (node:internal/process/task_queues:95:5)
    at async C2Agent.registerBot (file:///workspaces/BOT-TELE-DOS/src/c2/agent.js:57:30)
    at async C2Agent.start (file:///workspaces/BOT-TELE-DOS/src/c2/agent.js:28:13)
[2025-11-22T18:16:44.602Z] [WARNING] 
⚠️  Shutting down agent...
[2025-11-22T18:16:45.913Z] [INFO] 🔄 Loading proxies (optimized mode)...
[2025-11-22T18:16:45.914Z] [INFO] 🎯 Premium proxies loaded: 210 (optimized mode)
[2025-11-22T18:16:45.915Z] [INFO] 💎 Your premium proxies: 195 | Manual proxies: 15
[2025-11-22T18:16:45.915Z] [INFO] 🔄 Generating IP pool...
[2025-11-22T18:16:45.925Z] [SUCCESS] ✅ Generated 10800 IPs for rotation
[2025-11-22T18:16:45.925Z] [INFO] 🔄 Generating user agent pool...
[2025-11-22T18:16:45.926Z] [INFO] ✅ Generated 57 user agents for rotation
[2025-11-22T18:16:48.657Z] [SUCCESS] ✅ Bot registered successfully
[2025-11-22T18:16:48.662Z] [SUCCESS] 🤖 C2 Agent started - Bot ID: fd3bbd94-29d2-45ee-a2f8-b30f4829c388
[2025-11-22T18:16:48.662Z] [INFO] 📡 Connected to C2: https://a50a7a60931b.ngrok-free.app
